
> rag_backend@1.0.0 test
> jest

node.exe : FAIL testing/pl
an_generator.test.js
At line:1 char:1
+ & "C:\Program 
Files\nodejs/node.exe" 
"C:\Program 
Files\nodejs/node_mo ...
+ ~~~~~~~~~~~~~~~~~~~~~~~~
~~~~~~~~~~~~~~~~~~~~~~~~~~
~~~~~~~~~~~~~~~~~~~
    + CategoryInfo        
      : NotSpecified: (F  
  AIL testing/plan_gene   
 rator.test.js:String)    
 [], RemoteException
    + FullyQualifiedError 
   Id : NativeCommandErr  
  or
 
  ΓùÅ Plan Generator 
calculations ΓÇ║ 
calculateBMR should 
calculate correctly for 
male

    expect(received).toBeC
loseTo(expected, 
precision)

    Expected: 1724.2
    Received: 
1724.0520000000001

    Expected precision:   
 1
    Expected difference: 
< 0.05
    Received difference:  
 0.14799999999991087

    [0m [90m  5 |[39m  
       [90m// formula: 
88.362 + (13.397 * 
weight) + (4.799 * 
height) - (5.677 * 
age)[39m
     [90m  6 |[39m      
   [36mconst[39m bmr 
[33m=[39m calculateBMR(
[35m70[39m[33m,[39m 
[35m175[39m[33m,[39m 
[35m25[39m[33m,[39m [
32m'male'[39m)[33m;[39m
    
[31m[1m>[22m[39m[90m 
 7 |[39m         expect(b
mr)[33m.[39mtoBeCloseTo(
[35m1724.2[39m[33m,[39
m [35m1[39m)[33m;[39m
     [90m    |[39m      
               
[31m[1m^[22m[39m
     [90m  8 |[39m     
})[33m;[39m
     [90m  9 |[39m
     [90m 10 |[39m     
test([32m'calculateBMR 
should calculate 
correctly for 
female'[39m[33m,[39m 
() [33m=>[39m {[0m

      at 
Object.toBeCloseTo (testin
g/plan_generator.test.js:7
:21)

  ΓùÅ Plan Generator 
calculations ΓÇ║ 
calculateBMR should 
calculate correctly for 
female

    expect(received).toBeC
loseTo(expected, 
precision)

    Expected: 1383.6
    Received: 1383.683

    Expected precision:   
 1
    Expected difference: 
< 0.05
    Received difference:  
 0.08300000000008367

    [0m [90m 11 |[39m  
       [90m// formula: 
447.593 + (9.247 * 
weight) + (3.098 * 
height) - (4.330 * 
age)[39m
     [90m 12 |[39m      
   [36mconst[39m bmr 
[33m=[39m calculateBMR(
[35m60[39m[33m,[39m 
[35m165[39m[33m,[39m 
[35m30[39m[33m,[39m [
32m'female'[39m)[33m;[3
9m
    
[31m[1m>[22m[39m[90m 
13 |[39m         expect(b
mr)[33m.[39mtoBeCloseTo(
[35m1383.6[39m[33m,[39
m [35m1[39m)[33m;[39m
     [90m    |[39m      
               
[31m[1m^[22m[39m
     [90m 14 |[39m     
})[33m;[39m
     [90m 15 |[39m
     [90m 16 |[39m     
test([32m'calculateTDEE 
should apply correct multi
plier'[39m[33m,[39m () 
[33m=>[39m {[0m

      at 
Object.toBeCloseTo (testin
g/plan_generator.test.js:1
3:21)

PASS 
testing/ocr_logic.test.js
  ΓùÅ Console

    console.log
      ≡ƒöì Analyzing 
medical report using 
Llama 3.2 Vision (v4)...

      at log 
(ocr_logic.js:6:17)

    console.log
      Γ£à Extracted Text 
from medical report:

      at log 
(ocr_logic.js:48:17)

    console.log
      --------------------
---------------------

      at log 
(ocr_logic.js:49:17)

    console.log
      Healthy report

      at log 
(ocr_logic.js:50:17)

    console.log
      --------------------
---------------------

      at log 
(ocr_logic.js:51:17)

    console.log
      ≡ƒöì Analyzing 
medical report using 
Llama 3.2 Vision (v4)...

      at log 
(ocr_logic.js:6:17)

    console.error
      Image Analysis 
failed: Vision API Error: 
500 - Internal Error

    [0m [90m 53 |[39m  
       [36mreturn[39m 
extractedText[33m;[39m
     [90m 54 |[39m     
} [36mcatch[39m (e) {
    
[31m[1m>[22m[39m[90m 
55 |[39m         console
[33m.[39merror([32m"Imag
e Analysis 
failed:"[39m[33m,[39m e
[33m.[39mmessage)[33m;
[39m
     [90m    |[39m      
           
[31m[1m^[22m[39m
     [90m 56 |[39m      
   [36mreturn[39m 
[32m`Error extracting 
${type} report: ${e.messag
e}`[39m[33m;[39m
     [90m 57 |[39m     }
     [90m 58 |[39m }[0m

      at error 
(ocr_logic.js:55:17)
      at 
Object.<anonymous> (testin
g/ocr_logic.test.js:37:24)

PASS testing/ai_assistant.
test.js
  ΓùÅ Console

    console.log
      ≡ƒñû Attempting 
chat with stepfun/step-3.5
-flash:free...

      at log 
(ai_assistant.js:19:21)

    console.log
      ≡ƒñû Attempting 
chat with stepfun/step-3.5
-flash:free...

      at log 
(ai_assistant.js:19:21)

    console.warn
      ΓÜá∩╕Å Model stepfun
/step-3.5-flash:free is 
rate limited. Trying 
next...

    [0m [90m 43 |[39m  
               [90m// If 
rate limited (429), try 
next model[39m
     [90m 44 |[39m      
           [36mif[39m (r
esponse[33m.[39mstatus 
[33m===[39m 
[35m429[39m) {
    
[31m[1m>[22m[39m[90m 
45 |[39m                 
    console[33m.[39mwarn
([32m`ΓÜá∩╕Å Model 
${model} is rate limited. 
Trying 
next...`[39m)[33m;[39m
     [90m    |[39m      
                       
[31m[1m^[22m[39m
     [90m 46 |[39m      
               lastError 
[33m=[39m [36mnew[39m 
[33mError[39m([32m`Rate
 limit reached for 
${model}`[39m)[33m;[39m
     [90m 47 |[39m      
               [36mcontin
ue[39m[33m;[39m
     [90m 48 |[39m      
           }[0m

      at warn 
(ai_assistant.js:45:29)
      at 
Object.<anonymous> (testin
g/ai_assistant.test.js:42:
26)

    console.log
      ≡ƒñû Attempting 
chat with arcee-ai/trinity
-large-preview:free...

      at log 
(ai_assistant.js:19:21)

    console.log
      ≡ƒñû Attempting 
chat with stepfun/step-3.5
-flash:free...

      at log 
(ai_assistant.js:19:21)

    console.error
      Chat attempt with st
epfun/step-3.5-flash:free 
failed: Chat API Error: 
500 - Internal Server 
Error

    [0m [90m 53 |[39m  
           
[36mreturn[39m data[33m
.[39mchoices[33m?[39m[
33m.[39m[[35m0[39m][33
m?[39m[33m.[39mmessage
[33m?[39m[33m.[39mconte
nt [33m||[39m [32m"I'm 
sorry, I couldn't process 
that."[39m[33m;[39m
     [90m 54 |[39m      
   } [36mcatch[39m (e) {
    
[31m[1m>[22m[39m[90m 
55 |[39m             cons
ole[33m.[39merror([32m`
Chat attempt with 
${model} 
failed:`[39m[33m,[39m e
[33m.[39mmessage)[33m;
[39m
     [90m    |[39m      
               
[31m[1m^[22m[39m
     [90m 56 |[39m      
       lastError 
[33m=[39m e[33m;[39m
     [90m 57 |[39m      
       [36mif[39m 
(model [33m===[39m model
s[models[33m.[39mlength 
[33m-[39m [35m1[39m]) 
[36mthrow[39m 
e[33m;[39m
     [90m 58 |[39m      
   }[0m

      at error 
(ai_assistant.js:55:21)
      at 
Object.<anonymous> (testin
g/ai_assistant.test.js:56:
9)

    console.log
      ≡ƒñû Attempting 
chat with arcee-ai/trinity
-large-preview:free...

      at log 
(ai_assistant.js:19:21)

    console.error
      Chat attempt with ar
cee-ai/trinity-large-previ
ew:free failed: Chat API 
Error: 500 - Internal 
Server Error

    [0m [90m 53 |[39m  
           
[36mreturn[39m data[33m
.[39mchoices[33m?[39m[
33m.[39m[[35m0[39m][33
m?[39m[33m.[39mmessage
[33m?[39m[33m.[39mconte
nt [33m||[39m [32m"I'm 
sorry, I couldn't process 
that."[39m[33m;[39m
     [90m 54 |[39m      
   } [36mcatch[39m (e) {
    
[31m[1m>[22m[39m[90m 
55 |[39m             cons
ole[33m.[39merror([32m`
Chat attempt with 
${model} 
failed:`[39m[33m,[39m e
[33m.[39mmessage)[33m;
[39m
     [90m    |[39m      
               
[31m[1m^[22m[39m
     [90m 56 |[39m      
       lastError 
[33m=[39m e[33m;[39m
     [90m 57 |[39m      
       [36mif[39m 
(model [33m===[39m model
s[models[33m.[39mlength 
[33m-[39m [35m1[39m]) 
[36mthrow[39m 
e[33m;[39m
     [90m 58 |[39m      
   }[0m

      at error 
(ai_assistant.js:55:21)
      at 
Object.<anonymous> (testin
g/ai_assistant.test.js:56:
9)

    console.log
      ≡ƒñû Attempting 
chat with upstage/solar-pr
o-3:free...

      at log 
(ai_assistant.js:19:21)

    console.error
      Chat attempt with 
upstage/solar-pro-3:free 
failed: Chat API Error: 
500 - Internal Server 
Error

    [0m [90m 53 |[39m  
           
[36mreturn[39m data[33m
.[39mchoices[33m?[39m[
33m.[39m[[35m0[39m][33
m?[39m[33m.[39mmessage
[33m?[39m[33m.[39mconte
nt [33m||[39m [32m"I'm 
sorry, I couldn't process 
that."[39m[33m;[39m
     [90m 54 |[39m      
   } [36mcatch[39m (e) {
    
[31m[1m>[22m[39m[90m 
55 |[39m             cons
ole[33m.[39merror([32m`
Chat attempt with 
${model} 
failed:`[39m[33m,[39m e
[33m.[39mmessage)[33m;
[39m
     [90m    |[39m      
               
[31m[1m^[22m[39m
     [90m 56 |[39m      
       lastError 
[33m=[39m e[33m;[39m
     [90m 57 |[39m      
       [36mif[39m 
(model [33m===[39m model
s[models[33m.[39mlength 
[33m-[39m [35m1[39m]) 
[36mthrow[39m 
e[33m;[39m
     [90m 58 |[39m      
   }[0m

      at error 
(ai_assistant.js:55:21)
      at 
Object.<anonymous> (testin
g/ai_assistant.test.js:56:
9)

    console.log
      ≡ƒñû Attempting 
chat with liquid/lfm-2.5-1
.2b-thinking:free...

      at log 
(ai_assistant.js:19:21)

    console.error
      Chat attempt with li
quid/lfm-2.5-1.2b-thinking
:free failed: Chat API 
Error: 500 - Internal 
Server Error

    [0m [90m 53 |[39m  
           
[36mreturn[39m data[33m
.[39mchoices[33m?[39m[
33m.[39m[[35m0[39m][33
m?[39m[33m.[39mmessage
[33m?[39m[33m.[39mconte
nt [33m||[39m [32m"I'm 
sorry, I couldn't process 
that."[39m[33m;[39m
     [90m 54 |[39m      
   } [36mcatch[39m (e) {
    
[31m[1m>[22m[39m[90m 
55 |[39m             cons
ole[33m.[39merror([32m`
Chat attempt with 
${model} 
failed:`[39m[33m,[39m e
[33m.[39mmessage)[33m;
[39m
     [90m    |[39m      
               
[31m[1m^[22m[39m
     [90m 56 |[39m      
       lastError 
[33m=[39m e[33m;[39m
     [90m 57 |[39m      
       [36mif[39m 
(model [33m===[39m model
s[models[33m.[39mlength 
[33m-[39m [35m1[39m]) 
[36mthrow[39m 
e[33m;[39m
     [90m 58 |[39m      
   }[0m

      at error 
(ai_assistant.js:55:21)
      at 
Object.<anonymous> (testin
g/ai_assistant.test.js:56:
9)

    console.log
      ≡ƒñû Attempting 
chat with nvidia/nemotron-
3-nano-30b-a3b:free...

      at log 
(ai_assistant.js:19:21)

    console.error
      Chat attempt with nv
idia/nemotron-3-nano-30b-a
3b:free failed: Chat API 
Error: 500 - Internal 
Server Error

    [0m [90m 53 |[39m  
           
[36mreturn[39m data[33m
.[39mchoices[33m?[39m[
33m.[39m[[35m0[39m][33
m?[39m[33m.[39mmessage
[33m?[39m[33m.[39mconte
nt [33m||[39m [32m"I'm 
sorry, I couldn't process 
that."[39m[33m;[39m
     [90m 54 |[39m      
   } [36mcatch[39m (e) {
    
[31m[1m>[22m[39m[90m 
55 |[39m             cons
ole[33m.[39merror([32m`
Chat attempt with 
${model} 
failed:`[39m[33m,[39m e
[33m.[39mmessage)[33m;
[39m
     [90m    |[39m      
               
[31m[1m^[22m[39m
     [90m 56 |[39m      
       lastError 
[33m=[39m e[33m;[39m
     [90m 57 |[39m      
       [36mif[39m 
(model [33m===[39m model
s[models[33m.[39mlength 
[33m-[39m [35m1[39m]) 
[36mthrow[39m 
e[33m;[39m
     [90m 58 |[39m      
   }[0m

      at error 
(ai_assistant.js:55:21)
      at 
Object.<anonymous> (testin
g/ai_assistant.test.js:56:
9)

    console.log
      ≡ƒñû Attempting 
chat with google/gemma-3n-
e2b-it:free...

      at log 
(ai_assistant.js:19:21)

    console.error
      Chat attempt with go
ogle/gemma-3n-e2b-it:free 
failed: Chat API Error: 
500 - Internal Server 
Error

    [0m [90m 53 |[39m  
           
[36mreturn[39m data[33m
.[39mchoices[33m?[39m[
33m.[39m[[35m0[39m][33
m?[39m[33m.[39mmessage
[33m?[39m[33m.[39mconte
nt [33m||[39m [32m"I'm 
sorry, I couldn't process 
that."[39m[33m;[39m
     [90m 54 |[39m      
   } [36mcatch[39m (e) {
    
[31m[1m>[22m[39m[90m 
55 |[39m             cons
ole[33m.[39merror([32m`
Chat attempt with 
${model} 
failed:`[39m[33m,[39m e
[33m.[39mmessage)[33m;
[39m
     [90m    |[39m      
               
[31m[1m^[22m[39m
     [90m 56 |[39m      
       lastError 
[33m=[39m e[33m;[39m
     [90m 57 |[39m      
       [36mif[39m 
(model [33m===[39m model
s[models[33m.[39mlength 
[33m-[39m [35m1[39m]) 
[36mthrow[39m 
e[33m;[39m
     [90m 58 |[39m      
   }[0m

      at error 
(ai_assistant.js:55:21)
      at 
Object.<anonymous> (testin
g/ai_assistant.test.js:56:
9)

    console.log
      ≡ƒñû Attempting 
chat with mistralai/mistra
l-small-3.1-24b-instruct:f
ree...

      at log 
(ai_assistant.js:19:21)

    console.error
      Chat attempt with mi
stralai/mistral-small-3.1-
24b-instruct:free failed: 
Chat API Error: 500 - 
Internal Server Error

    [0m [90m 53 |[39m  
           
[36mreturn[39m data[33m
.[39mchoices[33m?[39m[
33m.[39m[[35m0[39m][33
m?[39m[33m.[39mmessage
[33m?[39m[33m.[39mconte
nt [33m||[39m [32m"I'm 
sorry, I couldn't process 
that."[39m[33m;[39m
     [90m 54 |[39m      
   } [36mcatch[39m (e) {
    
[31m[1m>[22m[39m[90m 
55 |[39m             cons
ole[33m.[39merror([32m`
Chat attempt with 
${model} 
failed:`[39m[33m,[39m e
[33m.[39mmessage)[33m;
[39m
     [90m    |[39m      
               
[31m[1m^[22m[39m
     [90m 56 |[39m      
       lastError 
[33m=[39m e[33m;[39m
     [90m 57 |[39m      
       [36mif[39m 
(model [33m===[39m model
s[models[33m.[39mlength 
[33m-[39m [35m1[39m]) 
[36mthrow[39m 
e[33m;[39m
     [90m 58 |[39m      
   }[0m

      at error 
(ai_assistant.js:55:21)
      at 
Object.<anonymous> (testin
g/ai_assistant.test.js:56:
9)

PASS 
testing/fallbacks.test.js
PASS testing/qdrant_client
.test.js
PASS 
testing/rag_logic.test.js
PASS 
testing/rag_chain.test.js
  ΓùÅ Console

    console.log
      
      ≡ƒª£ [LangChain 
Full Plan] Step 1 ΓÇö 
Validate Query

      at 
RunnableLambda.log [as 
func] (rag_chain.js:20:13)

    console.log
         Input: "none"

      at 
RunnableLambda.log [as 
func] (rag_chain.js:25:13)

    console.log
         ΓÜá∩╕Å  
Empty/none profile ΓÇö 
chain will short-circuit 
vector search.

      at 
RunnableLambda.log [as 
func] (rag_chain.js:32:17)

    console.log
      
      ≡ƒª£ [LangChain 
Full Plan] Step 2 ΓÇö Get 
Embedding

      at 
RunnableLambda.log [as 
func] (rag_chain.js:42:13)

    console.log
         ΓÅ¡∩╕Å  Skipping 
embedding (empty profile).

      at 
RunnableLambda.log [as 
func] (rag_chain.js:44:17)

    console.log
      
      ≡ƒª£ [LangChain 
Full Plan] Step 3 ΓÇö 
Qdrant Search

      at 
RunnableLambda.log [as 
func] (rag_chain.js:60:13)

    console.log
         ΓÅ¡∩╕Å  Skipping 
Qdrant search.

      at 
RunnableLambda.log [as 
func] (rag_chain.js:62:17)

    console.log
      
      ≡ƒª£ [LangChain 
Full Plan] Step 4 ΓÇö 
Build Final Context

      at 
RunnableLambda.log [as 
func] (rag_chain.js:84:13)

    console.log
         Γä╣∩╕Å  No 
vector results to format 
ΓÇö using default string.

      at 
RunnableLambda.log [as 
func] (rag_chain.js:95:17)

    console.log
      
      ≡ƒª£ [LangChain 
Full Plan] Step 5 ΓÇö LLM 
Generation

      at 
RunnableLambda.log [as 
func] 
(rag_chain.js:105:13)

    console.log
         ≡ƒºá Calling 
DeepSeek V3...

      at 
RunnableLambda.log [as 
func] 
(rag_chain.js:113:13)

    console.log
      
      ================= 
≡ƒô¥ FINAL AI PROMPT 
=================

      at 
RunnableLambda.log [as 
func] 
(rag_chain.js:116:13)

    console.log
      [Context Body]:
      No specific 
contraindications found 
in database.

      at 
RunnableLambda.log [as 
func] 
(rag_chain.js:117:13)

    console.log
      
      [Task Header]:
      Generate diet

      at 
RunnableLambda.log [as 
func] 
(rag_chain.js:118:13)

    console.log
      ====================
==========================
========

      at 
RunnableLambda.log [as 
func] 
(rag_chain.js:119:13)

    console.log
         Γ£à Successfully 
generated AI Plan.

      at 
RunnableLambda.log [as 
func] 
(rag_chain.js:123:13)

    console.log
      
      ≡ƒª£ [LangChain 
Full Plan] Step 1 ΓÇö 
Validate Query

      at 
RunnableLambda.log [as 
func] (rag_chain.js:20:13)

    console.log
         Input: "Diabetes"

      at 
RunnableLambda.log [as 
func] (rag_chain.js:25:13)

    console.log
         Γ£à Query is 
valid, passing to 
embedding step.

      at 
RunnableLambda.log [as 
func] (rag_chain.js:36:13)

    console.log
      
      ≡ƒª£ [LangChain 
Full Plan] Step 2 ΓÇö Get 
Embedding

      at 
RunnableLambda.log [as 
func] (rag_chain.js:42:13)

    console.log
         ≡ƒöó Calling 
HuggingFace for: 
"Diabetes"

      at 
RunnableLambda.log [as 
func] (rag_chain.js:47:13)

    console.log
         Γ£à Embedding 
generated. Vector length: 
2

      at 
RunnableLambda.log [as 
func] (rag_chain.js:50:17)

    console.log
      
      ≡ƒª£ [LangChain 
Full Plan] Step 3 ΓÇö 
Qdrant Search

      at 
RunnableLambda.log [as 
func] (rag_chain.js:60:13)

    console.log
         ≡ƒöì Searching 
collection 
"athlete_health_context" 
ΓÇª

      at 
RunnableLambda.log [as 
func] (rag_chain.js:65:13)

    console.log
         Γ£à Found 1 
matches.

      at 
RunnableLambda.log [as 
func] (rag_chain.js:74:17)

    console.log
         Results payload: 
[
        {
          "payload": {
            "issue": 
"Diabetes",
            
"contraindicated_foods": [
              {
                "food": 
"Sugar"
              }
            ]
          }
        }
      ]

      at 
RunnableLambda.log [as 
func] (rag_chain.js:75:17)

    console.log
      
      ≡ƒª£ [LangChain 
Full Plan] Step 4 ΓÇö 
Build Final Context

      at 
RunnableLambda.log [as 
func] (rag_chain.js:84:13)

    console.log
         Γ£à Vector 
Context resolved.

      at 
RunnableLambda.log [as 
func] (rag_chain.js:93:17)

    console.log
      
      ≡ƒª£ [LangChain 
Full Plan] Step 5 ΓÇö LLM 
Generation

      at 
RunnableLambda.log [as 
func] 
(rag_chain.js:105:13)

    console.log
         ≡ƒºá Calling 
DeepSeek V3...

      at 
RunnableLambda.log [as 
func] 
(rag_chain.js:113:13)

    console.log
      
      ================= 
≡ƒô¥ FINAL AI PROMPT 
=================

      at 
RunnableLambda.log [as 
func] 
(rag_chain.js:116:13)

    console.log
      [Context Body]:
      User Context. 
Issue: Diabetes. 
Constraints: Foods to 
avoid (Sugar), Exercises 
to avoid ()

      at 
RunnableLambda.log [as 
func] 
(rag_chain.js:117:13)

    console.log
      
      [Task Header]:
      Generate diet

      at 
RunnableLambda.log [as 
func] 
(rag_chain.js:118:13)

    console.log
      ====================
==========================
========

      at 
RunnableLambda.log [as 
func] 
(rag_chain.js:119:13)

    console.log
         Γ£à Successfully 
generated AI Plan.

      at 
RunnableLambda.log [as 
func] 
(rag_chain.js:123:13)

PASS testing/index.test.js
  ΓùÅ Console

    console.log
      Diet requested for 
undefined

      at log 
(index.js:57:13)

    console.log
      Workout requested 
for undefined

      at log 
(index.js:157:13)


Test Suites: 1 failed, 7 
passed, 8 total
Tests:       2 failed, 21 
passed, 23 total
Snapshots:   0 total
Time:        3.359 s
Ran all test suites.
